// Jest Snapshot v1, https://goo.gl/fbAQLP

exports[`App should render App that matches snapshot when navigateToSpotify is false 1`] = `
<body>
  <div />
</body>
`;
